CUB perovskite template for AFLOWPIrame
!
 &control
    calculation = 'scf',
    prefix = '_AFLOWPI_PREFIX_',
    restart_mode='from_scratch', 
    PSEUDO_DIR ='./',
    outdir ='./',
 !   forc_conv_thr=1.0D-4    
 !   etot_conv_thr=1.0D-5    
 /
 &system
    ibrav=1, 
    A = 4.070253482,
    nat=5,
    ntyp=3, 
    ecutwfc = 60.,
    ecutrho = 720.,
    smearing = 'cold',

 /
 &electrons
    diagonalization = 'david',
    mixing_mode = 'plain',
    mixing_beta = 0.5,
!    conv_thr =  1.0d-10,
!    mixing_ndim=16
    electron_maxstep=800
 /
 &ions
 /
 &cell
 /
ATOMIC_SPECIES
_AFLOWPI_A_ _AFLOWPI_AMASS_ _AFLOWPI_APSEUDO_ 
_AFLOWPI_B_ _AFLOWPI_BMASS_ _AFLOWPI_BPSEUDO_ 
_AFLOWPI_C_ _AFLOWPI_CMASS_ _AFLOWPI_CPSEUDO_ 

ATOMIC_POSITIONS {crystal}
_AFLOWPI_A_       0.00  0.000000000   0.000000000
_AFLOWPI_B_        0.5  0.5   0.5
_AFLOWPI_C_        0.5   0.5   0.000000000
_AFLOWPI_C_        0.000000000   0.5   0.5
_AFLOWPI_C_        0.5   0.000000000   0.5
K_POINTS automatic
6 6 6  1 1 1
