CUB perovskite template for AFLOWPIrame
!
 &control
    calculation = 'scf',
    prefix = '_AFLOWPI_PREFIX_',
    restart_mode='from_scratch', 
    PSEUDO_DIR ='./',
    outdir ='./',
    
 /
 &system
    ibrav=1, 
    celldm(1) = _AFLOWPI_CELLDM1_, 
    nat=5,
    ntyp=3, 
    ecutwfc = 30.,
    ecutrho = 300.,
    occupations = 'smearing',
    smearing = 'cold',
    degauss = 0.05
 /
 &electrons
    diagonalization = 'david',
    mixing_mode = 'plain',
    mixing_beta = 0.7,
    conv_thr =  1.0d-8,
 /
 &ions
 /
 &cell
 /
ATOMIC_SPECIES
_AFLOWPI_A_  _AFLOWPI_AMASS_ _AFLOWPI_APSEUDO_ 
_AFLOWPI_B_  _AFLOWPI_BMASS_ _AFLOWPI_BPSEUDO_ 
_AFLOWPI_C_  _AFLOWPI_CMASS_ _AFLOWPI_CPSEUDO_ 
ATOMIC_POSITIONS {angstrom}
_AFLOWPI_A_       _AFLOWPI_AX_   0.000000000   0.000000000
_AFLOWPI_B_       _AFLOWPI_BX_   2.035126741   2.035126741
_AFLOWPI_C_        2.035126741   2.035126741   0.000000000
_AFLOWPI_C_        0.000000000   2.035126741   2.035126741
_AFLOWPI_C_        2.035126741   0.000000000   2.035126741
K_POINTS automatic
_AFLOWPI_KK_  _AFLOWPI_KS_ 
