CUB perovskite template for AFLOWPI
Reference file for VCR
 &control
    calculation = 'vc-relax',
    prefix = '_AFLOWPI_PREFIX_',
    restart_mode='from_scratch', 
    PSEUDO_DIR ='./',
    outdir ='./',
    verbosity='high'
    nstep=200
    
 /
 &system
    ibrav=1, celldm(1) = 7.5, 
    nat=5,
    ntyp=3, 
    ecutwfc = 50,
    occupations = 'smearing',
    smearing = 'cold',
    degauss = 0.001
 /
 &electrons
    diagonalization = 'david',
    mixing_mode = 'plain',
    mixing_beta = 0.7,
    conv_thr =  1.0d-9,
    electron_maxstep=200
 /
 &ions
 /
 &cell
cell_factor=2.0
/
ATOMIC_SPECIES
_AFLOWPI_A_  _AFLOWPI_AMASS_ _AFLOWPI_APSEUDO_ 
_AFLOWPI_B_  _AFLOWPI_BMASS_ _AFLOWPI_BPSEUDO_ 
_AFLOWPI_C_  _AFLOWPI_CMASS_ _AFLOWPI_CPSEUDO_ 
ATOMIC_POSITIONS {crystal}
_AFLOWPI_A_ 0.0 0.0 0.0 
_AFLOWPI_B_ 0.5 0.5 0.5 
_AFLOWPI_C_ 0.5 0.5 0.0 
_AFLOWPI_C_ 0.0 0.5 0.5 
_AFLOWPI_C_ 0.5 0.0 0.5 
K_POINTS {automatic}
_AFLOWPI_KK_  _AFLOWPI_KS_ 
