CUB perovskite template for MTF
Reference file for VCR
 &control
    calculation = 'vc-relax',
    prefix = '_AFLOWPI_PREFIX_',
    restart_mode='from_scratch',
    tstress=.true., tprnfor=.true., 
    PSEUDO_DIR ='./',
    outdir ='./',
    verbosity='high'
    etot_conv_thr=1.0D-5
    forc_conv_thr=1.0D-4
    nstep=200
 /
 &system
    A  =5.735
    ibrav=2,  
    nat=2,
    ntyp=2, 
    ecutwfc = 25.,

 /
 &electrons
    diagonalization = 'david',
    mixing_mode = 'plain',
    mixing_beta = 0.7,
    conv_thr =  1.0d-12,
    electron_maxstep=200
 /
 &ions
 /
 &cell
 cell_factor=2.0
 /
ATOMIC_SPECIES
_AFLOWPI_A_ _AFLOWPI_AMASS_ _AFLOWPI_APSEUDO_

ATOMIC_POSITIONS {crystal}
_AFLOWPI_A_      0.00000000000000   0.00000000000000   0.00000000000000  
_AFLOWPI_A_      0.75000000000000   0.75000000000000   0.75000000000000

K_POINTS {automatic}
10 10 10 1 1 1
